<html>
<body>
<pre>
<h1>µVision Build Log</h1>
<h2>Tool Versions:</h2>
IDE-Version: µVision V5.42.0.0
Copyright (C) 2025 ARM Ltd and ARM Germany GmbH. All rights reserved.
License Information: 1 1, 1, LIC=----
 
Tool Versions:
Toolchain:       MDK-Lite  Version: 5.42.0.0
Toolchain Path:  C:\Users\aveng\AppData\Local\Keil_v5\ARM\ARMCLANG\Bin
C Compiler:      ArmClang.exe V6.23
Assembler:       Armasm.exe V6.23
Linker/Locator:  ArmLink.exe V6.23
Library Manager: ArmAr.exe V6.23
Hex Converter:   FromElf.exe V6.23
CPU DLL:         SARMCM3.DLL V5.42.0.0
Dialog DLL:      DCM.DLL V1.17.5.0
Target DLL:      STLink\ST-LINKIII-KEIL_SWO.dll V3.3.0.0
Dialog DLL:      TCM.DLL V1.56.6.0
 
<h2>Project:</h2>
D:\HocTap\HaIU\SS6\Ky_thuat_truyen_thong_ko_day\2022603330_2022603403_2022602895_2022603145_2022603712_BuiVanViet\Code\STM32_B\MDK-ARM\STM32_B.uvprojx
Project File Date:  06/18/2025

<h2>Output:</h2>
*** Using Compiler 'V6.23', folder: 'C:\Users\aveng\AppData\Local\Keil_v5\ARM\ARMCLANG\Bin'
Build target 'STM32_B'
compiling stm32f1xx_it.c...
compiling stm32f1xx_hal_msp.c...
compiling stm32f1xx_hal.c...
compiling stm32f1xx_hal_gpio_ex.c...
compiling stm32f1xx_hal_dma.c...
compiling stm32f1xx_hal_gpio.c...
compiling stm32f1xx_hal_cortex.c...
../Core/Src/main.c(104): warning: passing 'char[10]' to parameter of type 'uint8_t *' (aka 'unsigned char *') converts between pointers to integer types where one is of the unique plain 'char' type and the other is not [-Wpointer-sign]
  104 |     if (HAL_UART_Receive(&huart1, buffer, 9, 100) == HAL_OK)
      |                                   ^~~~~~
../Drivers/STM32F1xx_HAL_Driver/Inc\stm32f1xx_hal_uart.h(750): note: passing argument to parameter 'pData' here
  750 | HAL_StatusTypeDef HAL_UART_Receive(UART_HandleTypeDef *huart, uint8_t *pData, uint16_t Size, uint32_t Timeout);
      |                                                                        ^
1 warning generated.
compiling main.c...
compiling stm32f1xx_hal_rcc_ex.c...
compiling stm32f1xx_hal_rcc.c...
compiling stm32f1xx_hal_pwr.c...
compiling stm32f1xx_hal_flash.c...
compiling stm32f1xx_hal_exti.c...
compiling system_stm32f1xx.c...
compiling stm32f1xx_hal_flash_ex.c...
compiling stm32f1xx_hal_uart.c...
compiling stm32f1xx_hal_i2c.c...
linking...
Program Size: Code=16692 RO-data=776 RW-data=16 ZI-data=1920  
FromELF: creating hex file...
"STM32_B\STM32_B.axf" - 0 Error(s), 1 Warning(s).

<h2>Software Packages used:</h2>

Package Vendor: ARM
                https://www.keil.com/pack/ARM.CMSIS.6.1.0.pack
                ARM::CMSIS@6.1.0
                CMSIS (Common Microcontroller Software Interface Standard)
   * Component: CORE Version: 6.1.0

Package Vendor: Keil
                https://www.keil.com/pack/Keil.STM32F1xx_DFP.2.4.1.pack
                Keil::STM32F1xx_DFP@2.4.1
                STMicroelectronics STM32F1 Series Device Support, Drivers and Examples

<h2>Collection of Component include folders:</h2>
  ./RTE/_STM32_B
  C:/Users/aveng/AppData/Local/Arm/Packs/ARM/CMSIS/6.1.0/CMSIS/Core/Include
  C:/Users/aveng/AppData/Local/Arm/Packs/Keil/STM32F1xx_DFP/2.4.1/Device/Include

<h2>Collection of Component Files used:</h2>

   * Component: ARM::CMSIS:CORE@6.1.0
      Include file:  CMSIS/Core/Include/tz_context.h
Build Time Elapsed:  00:00:03
</pre>
</body>
</html>
